
Memory Configuration

Name             Origin             Length             Attributes
ram              0x00008000         0x00018000
*default*        0x00000000         0xffffffff

Linker script and memory map

LOAD build/boot.o
LOAD build/gpio.o
LOAD build/main.o

.text           0x00008000       0x8c
 *(.text*)
 .text          0x00008000        0xc build/boot.o
                0x00008000                _start
 .text          0x0000800c       0x4c build/gpio.o
                0x0000800c                convert_pin_to_gpio
                0x0000802c                convert_gpio_to_pin
                0x00008050                mmio_write
 .text          0x00008058        0x4 build/main.o
                0x00008058                delay
 .text.startup  0x0000805c       0x30 build/main.o
                0x0000805c                main

.glue_7         0x0000808c        0x0
 .glue_7        0x0000808c        0x0 linker stubs

.glue_7t        0x0000808c        0x0
 .glue_7t       0x0000808c        0x0 linker stubs

.vfp11_veneer   0x0000808c        0x0
 .vfp11_veneer  0x0000808c        0x0 linker stubs

.v4_bx          0x0000808c        0x0
 .v4_bx         0x0000808c        0x0 linker stubs

.iplt           0x0000808c        0x0
 .iplt          0x0000808c        0x0 build/boot.o

.rel.dyn        0x0000808c        0x0
 .rel.iplt      0x0000808c        0x0 build/boot.o

.bss            0x0000808c        0x0
 *(.bss*)
 .bss           0x0000808c        0x0 build/boot.o
 .bss           0x0000808c        0x0 build/gpio.o
 .bss           0x0000808c        0x0 build/main.o

.rodata
 *(.rodata*)

.data           0x0000808c       0x44
 *(.data*)
 .data          0x0000808c        0x0 build/boot.o
 .data          0x0000808c       0x44 build/gpio.o
                0x0000808c                pin_to_gpio_array
                0x000080b4                gpio_to_pin_array
 .data          0x000080d0        0x0 build/main.o
OUTPUT(build/output.elf elf32-littlearm)

.igot.plt       0x000080d0        0x0
 .igot.plt      0x000080d0        0x0 build/boot.o

.ARM.attributes
                0x00000000       0x31
 .ARM.attributes
                0x00000000       0x14 build/boot.o
 .ARM.attributes
                0x00000014       0x35 build/gpio.o
 .ARM.attributes
                0x00000049       0x35 build/main.o

.comment        0x00000000       0x2d
 .comment       0x00000000       0x2d build/gpio.o
                                 0x2e (size before relaxing)
 .comment       0x0000002d       0x2e build/main.o
